
> react-typescript-starter@0.1.0 test
> react-scripts test "--coverage"

FAIL src/HtmlCss.test.tsx
  ● Some HTML Elements are added. › There is a header

    TestingLibraryElementError: Found multiple elements with the role "heading"

    Here are the matching elements:

    Ignored nodes: comments, <script />, <style />
    [36m<h1>[39m
      [0m Welcome to my website, home of my precious dogs![0m
    [36m</h1>[39m

    Ignored nodes: comments, <script />, <style />
    [36m<h2>[39m
      [0mBruno's Favorite Things:[0m
    [36m</h2>[39m

    Ignored nodes: comments, <script />, <style />
    [36m<h3>[39m
      [0mAlfie's Favorite Things:[0m
    [36m</h3>[39m

    Ignored nodes: comments, <script />, <style />
    [36m<h4>[39m
      [0mMaggie's Favorite Things:[0m
    [36m</h4>[39m

    (If this is intentional, then use the `*AllBy*` variant of the query (like `queryAllByText`, `getAllByText`, or `findAllByText`)).

    Ignored nodes: comments, <script />, <style />
    [36m<body>[39m
      [36m<div>[39m
        [36m<div[39m
          [33mclass[39m=[32m"App"[39m
        [36m>[39m
          [36m<div[39m
            [33mclass[39m=[32m"App-header"[39m
          [36m>[39m
            [36m<h1>[39m
              [0m Welcome to my website, home of my precious dogs![0m
            [36m</h1>[39m
          [36m</div>[39m
          [36m<img[39m
            [33malt[39m=[32m"A picture of my dogs"[39m
            [33msrc[39m=[32m"https://i.postimg.cc/tC2qF95N/E30-BA202-970-B-47-E4-A82-F-07-B992-B5-A896-1-201-a.jpg"[39m
          [36m/>[39m
          [36m<p>[39m
            [0mBruno, Alphonso and Maggie are the best dogs on the planet.[0m
            [36m<br />[39m
            [0mBruno and Alfie are Newfoundlands and Maggie is a border collie.[0m
          [36m</p>[39m
          [36m<h2>[39m
            [0mBruno's Favorite Things:[0m
          [36m</h2>[39m
          [36m<ol>[39m
            [0m [0m
            [36m<li>[39m
              [0m1. People[0m
            [36m</li>[39m
            [36m<li>[39m
              [0m2. Licking everything[0m
            [36m</li>[39m
            [36m<li>[39m
              [0m3. Splooting (if you are unfamiliar with this term you will not regret looking it up)[0m
            [36m</li>[39m
          [36m</ol>[39m
          [36m<h3>[39m
            [0mAlfie's Favorite Things:[0m
          [36m</h3>[39m
          [36m<ol>[39m
            [0m [0m
            [36m<li>[39m
              [0m1. Food[0m
            [36m</li>[39m
            [36m<li>[39m
              [0m2. Receiving pets[0m
            [36m</li>[39m
            [36m<li>[39m
              [0m3. Being lazy[0m
            [36m</li>[39m
          [36m</ol>[39m
          [36m<h4>[39m
            [0mMaggie's Favorite Things:[0m
          [36m</h4>[39m
          [36m<ol>[39m
            [0m [0m
            [36m<li>[39m
              [0m1. Cuddling[0m
            [36m</li>[39m
            [36m<li>[39m
              [0m2. Playing with her frisbee[0m
            [36m</li>[39m
            [36m<li>[39m
              [0m3. Ripping the bark off of trees in the backyard[0m
            [36m</li>[39m
          [36m</ol>[39m
          [36m<button[39m
            [33mclass[39m=[32m"btn btn-primary"[39m
            [33mtype[39m=[32m"button"[39m
          [36m>[39m
            [0mLog Hello World[0m
          [36m</button>[39m
          [36m<div[39m
            [33mclass[39m=[32m"container"[39m
          [36m>[39m
            [36m<div[39m
              [33mclass[39m=[32m"row"[39m
            [36m>[39m
              [36m<div[39m
                [33mclass[39m=[32m"App-rect"[39m
              [36m>[39m
                [36m<div[39m
                  [33mclass[39m=[32m"col"[39m
                [36m>[39m
                  [0mFirst Column[0m
                [36m</div>[39m
              [36m</div>[39m
              [36m<div[39m
                [33mclass[39m=[32m"App-rect"[39m
              [36m>[39m
                [36m<div[39m
                  [33mclass[39m=[32m"col"[39m
                [36m>[39m
                  [0mSecond Column[0m
                [36m</div>[39m
              [36m</div>[39m
            [36m</div>[39m
          [36m</div>[39m
          [36m<p>[39m
            [36m<br />[39m
            [0mEdit [0m
            [36m<code>[39m
              [0msrc/App.tsx[0m
            [36m</code>[39m
            [0m and save. This page will automatically reload.[0m
          [36m</p>[39m
        [36m</div>[39m
      [36m</div>[39m
    [36m</body>[39m

       7 |     test("There is a header", () => {
       8 |         render(<App />);
    >  9 |         const header = screen.getByRole("heading");
         |                               ^
      10 |         expect(header).toBeInTheDocument();
      11 |     });
      12 |

      at Object.getElementError (node_modules/@testing-library/dom/dist/config.js:38:19)
      at getElementError (node_modules/@testing-library/dom/dist/query-helpers.js:25:35)
      at getMultipleElementsFoundError (node_modules/@testing-library/dom/dist/query-helpers.js:29:10)
      at node_modules/@testing-library/dom/dist/query-helpers.js:66:13
      at getByRole (node_modules/@testing-library/dom/dist/query-helpers.js:111:19)
      at Object.<anonymous> (src/HtmlCss.test.tsx:9:31)

  ● Some HTML Elements are added. › There is a list with at least three elements

    TestingLibraryElementError: Found multiple elements with the role "list"

    Here are the matching elements:

    Ignored nodes: comments, <script />, <style />
    [36m<ol>[39m
      [0m [0m
      [36m<li>[39m
        [0m1. People[0m
      [36m</li>[39m
      [36m<li>[39m
        [0m2. Licking everything[0m
      [36m</li>[39m
      [36m<li>[39m
        [0m3. Splooting (if you are unfamiliar with this term you will not regret looking it up)[0m
      [36m</li>[39m
    [36m</ol>[39m

    Ignored nodes: comments, <script />, <style />
    [36m<ol>[39m
      [0m [0m
      [36m<li>[39m
        [0m1. Food[0m
      [36m</li>[39m
      [36m<li>[39m
        [0m2. Receiving pets[0m
      [36m</li>[39m
      [36m<li>[39m
        [0m3. Being lazy[0m
      [36m</li>[39m
    [36m</ol>[39m

    Ignored nodes: comments, <script />, <style />
    [36m<ol>[39m
      [0m [0m
      [36m<li>[39m
        [0m1. Cuddling[0m
      [36m</li>[39m
      [36m<li>[39m
        [0m2. Playing with her frisbee[0m
      [36m</li>[39m
      [36m<li>[39m
        [0m3. Ripping the bark off of trees in the backyard[0m
      [36m</li>[39m
    [36m</ol>[39m

    (If this is intentional, then use the `*AllBy*` variant of the query (like `queryAllByText`, `getAllByText`, or `findAllByText`)).

    Ignored nodes: comments, <script />, <style />
    [36m<body>[39m
      [36m<div>[39m
        [36m<div[39m
          [33mclass[39m=[32m"App"[39m
        [36m>[39m
          [36m<div[39m
            [33mclass[39m=[32m"App-header"[39m
          [36m>[39m
            [36m<h1>[39m
              [0m Welcome to my website, home of my precious dogs![0m
            [36m</h1>[39m
          [36m</div>[39m
          [36m<img[39m
            [33malt[39m=[32m"A picture of my dogs"[39m
            [33msrc[39m=[32m"https://i.postimg.cc/tC2qF95N/E30-BA202-970-B-47-E4-A82-F-07-B992-B5-A896-1-201-a.jpg"[39m
          [36m/>[39m
          [36m<p>[39m
            [0mBruno, Alphonso and Maggie are the best dogs on the planet.[0m
            [36m<br />[39m
            [0mBruno and Alfie are Newfoundlands and Maggie is a border collie.[0m
          [36m</p>[39m
          [36m<h2>[39m
            [0mBruno's Favorite Things:[0m
          [36m</h2>[39m
          [36m<ol>[39m
            [0m [0m
            [36m<li>[39m
              [0m1. People[0m
            [36m</li>[39m
            [36m<li>[39m
              [0m2. Licking everything[0m
            [36m</li>[39m
            [36m<li>[39m
              [0m3. Splooting (if you are unfamiliar with this term you will not regret looking it up)[0m
            [36m</li>[39m
          [36m</ol>[39m
          [36m<h3>[39m
            [0mAlfie's Favorite Things:[0m
          [36m</h3>[39m
          [36m<ol>[39m
            [0m [0m
            [36m<li>[39m
              [0m1. Food[0m
            [36m</li>[39m
            [36m<li>[39m
              [0m2. Receiving pets[0m
            [36m</li>[39m
            [36m<li>[39m
              [0m3. Being lazy[0m
            [36m</li>[39m
          [36m</ol>[39m
          [36m<h4>[39m
            [0mMaggie's Favorite Things:[0m
          [36m</h4>[39m
          [36m<ol>[39m
            [0m [0m
            [36m<li>[39m
              [0m1. Cuddling[0m
            [36m</li>[39m
            [36m<li>[39m
              [0m2. Playing with her frisbee[0m
            [36m</li>[39m
            [36m<li>[39m
              [0m3. Ripping the bark off of trees in the backyard[0m
            [36m</li>[39m
          [36m</ol>[39m
          [36m<button[39m
            [33mclass[39m=[32m"btn btn-primary"[39m
            [33mtype[39m=[32m"button"[39m
          [36m>[39m
            [0mLog Hello World[0m
          [36m</button>[39m
          [36m<div[39m
            [33mclass[39m=[32m"container"[39m
          [36m>[39m
            [36m<div[39m
              [33mclass[39m=[32m"row"[39m
            [36m>[39m
              [36m<div[39m
                [33mclass[39m=[32m"App-rect"[39m
              [36m>[39m
                [36m<div[39m
                  [33mclass[39m=[32m"col"[39m
                [36m>[39m
                  [0mFirst Column[0m
                [36m</div>[39m
              [36m</div>[39m
              [36m<div[39m
                [33mclass[39m=[32m"App-rect"[39m
              [36m>[39m
                [36m<div[39m
                  [33mclass[39m=[32m"col"[39m
                [36m>[39m
                  [0mSecond Column[0m
                [36m</div>[39m
              [36m</div>[39m
            [36m</div>[39m
          [36m</div>[39m
          [36m<p>[39m
            [36m<br />[39m
            [0mEdit [0m
            [36m<code>[39m
              [0msrc/App.tsx[0m
            [36m</code>[39m
            [0m and save. This page will automatically reload.[0m
          [36m</p>[39m
        [36m</div>[39m
      [36m</div>[39m
    [36m</body>[39m

      20 |     test("There is a list with at least three elements", () => {
      21 |         render(<App />);
    > 22 |         const list = screen.getByRole("list");
         |                             ^
      23 |         expect(list).toBeInTheDocument();
      24 |         expect(list.children.length).toBeGreaterThanOrEqual(3);
      25 |     });

      at Object.getElementError (node_modules/@testing-library/dom/dist/config.js:38:19)
      at getElementError (node_modules/@testing-library/dom/dist/query-helpers.js:25:35)
      at getMultipleElementsFoundError (node_modules/@testing-library/dom/dist/query-helpers.js:29:10)
      at node_modules/@testing-library/dom/dist/query-helpers.js:66:13
      at getByRole (node_modules/@testing-library/dom/dist/query-helpers.js:111:19)
      at Object.<anonymous> (src/HtmlCss.test.tsx:22:29)

  ● Some basic CSS is added. › The background color of the header area is different

    TestingLibraryElementError: Unable to find an accessible element with the role "banner"

    Here are the accessible roles:

      heading:

      Name "Welcome to my website, home of my precious dogs!":
      [36m<h1 />[39m

      Name "Bruno's Favorite Things:":
      [36m<h2 />[39m

      Name "Alfie's Favorite Things:":
      [36m<h3 />[39m

      Name "Maggie's Favorite Things:":
      [36m<h4 />[39m

      --------------------------------------------------
      img:

      Name "A picture of my dogs":
      [36m<img[39m
        [33malt[39m=[32m"A picture of my dogs"[39m
        [33msrc[39m=[32m"https://i.postimg.cc/tC2qF95N/E30-BA202-970-B-47-E4-A82-F-07-B992-B5-A896-1-201-a.jpg"[39m
      [36m/>[39m

      --------------------------------------------------
      list:

      Name "":
      [36m<ol />[39m

      Name "":
      [36m<ol />[39m

      Name "":
      [36m<ol />[39m

      --------------------------------------------------
      listitem:

      Name "":
      [36m<li />[39m

      Name "":
      [36m<li />[39m

      Name "":
      [36m<li />[39m

      Name "":
      [36m<li />[39m

      Name "":
      [36m<li />[39m

      Name "":
      [36m<li />[39m

      Name "":
      [36m<li />[39m

      Name "":
      [36m<li />[39m

      Name "":
      [36m<li />[39m

      --------------------------------------------------
      button:

      Name "Log Hello World":
      [36m<button[39m
        [33mclass[39m=[32m"btn btn-primary"[39m
        [33mtype[39m=[32m"button"[39m
      [36m/>[39m

      --------------------------------------------------

    Ignored nodes: comments, <script />, <style />
    [36m<body>[39m
      [36m<div>[39m
        [36m<div[39m
          [33mclass[39m=[32m"App"[39m
        [36m>[39m
          [36m<div[39m
            [33mclass[39m=[32m"App-header"[39m
          [36m>[39m
            [36m<h1>[39m
              [0m Welcome to my website, home of my precious dogs![0m
            [36m</h1>[39m
          [36m</div>[39m
          [36m<img[39m
            [33malt[39m=[32m"A picture of my dogs"[39m
            [33msrc[39m=[32m"https://i.postimg.cc/tC2qF95N/E30-BA202-970-B-47-E4-A82-F-07-B992-B5-A896-1-201-a.jpg"[39m
          [36m/>[39m
          [36m<p>[39m
            [0mBruno, Alphonso and Maggie are the best dogs on the planet.[0m
            [36m<br />[39m
            [0mBruno and Alfie are Newfoundlands and Maggie is a border collie.[0m
          [36m</p>[39m
          [36m<h2>[39m
            [0mBruno's Favorite Things:[0m
          [36m</h2>[39m
          [36m<ol>[39m
            [0m [0m
            [36m<li>[39m
              [0m1. People[0m
            [36m</li>[39m
            [36m<li>[39m
              [0m2. Licking everything[0m
            [36m</li>[39m
            [36m<li>[39m
              [0m3. Splooting (if you are unfamiliar with this term you will not regret looking it up)[0m
            [36m</li>[39m
          [36m</ol>[39m
          [36m<h3>[39m
            [0mAlfie's Favorite Things:[0m
          [36m</h3>[39m
          [36m<ol>[39m
            [0m [0m
            [36m<li>[39m
              [0m1. Food[0m
            [36m</li>[39m
            [36m<li>[39m
              [0m2. Receiving pets[0m
            [36m</li>[39m
            [36m<li>[39m
              [0m3. Being lazy[0m
            [36m</li>[39m
          [36m</ol>[39m
          [36m<h4>[39m
            [0mMaggie's Favorite Things:[0m
          [36m</h4>[39m
          [36m<ol>[39m
            [0m [0m
            [36m<li>[39m
              [0m1. Cuddling[0m
            [36m</li>[39m
            [36m<li>[39m
              [0m2. Playing with her frisbee[0m
            [36m</li>[39m
            [36m<li>[39m
              [0m3. Ripping the bark off of trees in the backyard[0m
            [36m</li>[39m
          [36m</ol>[39m
          [36m<button[39m
            [33mclass[39m=[32m"btn btn-primary"[39m
            [33mtype[39m=[32m"button"[39m
          [36m>[39m
            [0mLog Hello World[0m
          [36m</button>[39m
          [36m<div[39m
            [33mclass[39m=[32m"container"[39m
          [36m>[39m
            [36m<div[39m
              [33mclass[39m=[32m"row"[39m
            [36m>[39m
              [36m<div[39m
                [33mclass[39m=[32m"App-rect"[39m
              [36m>[39m
                [36m<div[39m
                  [33mclass[39m=[32m"col"[39m
                [36m>[39m
                  [0mFirst Column[0m
                [36m</div>[39m
              [36m</div>[39m
              [36m<div[39m
                [33mclass[39m=[32m"App-rect"[39m
              [36m>[39m
                [36m<div[39m
                  [33mclass[39m=[32m"col"[39m
                [36m>[39m
                  [0mSecond Column[0m
                [36m</div>[39m
              [36m</div>[39m
            [36m</div>[39m
          [36m</div>[39m
          [36m<p>[39m
            [36m<br />[39m
            [0mEdit [0m
            [36m<code>[39m
              [0msrc/App.tsx[0m
            [36m</code>[39m
            [0m and save. This page will automatically reload.[0m
          [36m</p>[39m
        [36m</div>[39m
      [36m</div>[39m
    [36m</body>[39m

      29 |     test("The background color of the header area is different", () => {
      30 |         render(<App />);
    > 31 |         const banner = screen.getByRole("banner");
         |                               ^
      32 |         expect(banner).not.toHaveStyle({
      33 |             "background-color": "rgb(40, 44, 52)"
      34 |         });

      at Object.getElementError (node_modules/@testing-library/dom/dist/config.js:38:19)
      at node_modules/@testing-library/dom/dist/query-helpers.js:90:38
      at node_modules/@testing-library/dom/dist/query-helpers.js:62:17
      at getByRole (node_modules/@testing-library/dom/dist/query-helpers.js:111:19)
      at Object.<anonymous> (src/HtmlCss.test.tsx:31:31)

PASS src/text.test.tsx
FAIL src/App.test.tsx
  ● renders the course name somewhere

    TestingLibraryElementError: Unable to find an element with the text: /CISC275/i. This could be because the text is broken up by multiple elements. In this case, you can provide a function for your text matcher to make your matcher more flexible.

    Ignored nodes: comments, <script />, <style />
    [36m<body>[39m
      [36m<div>[39m
        [36m<div[39m
          [33mclass[39m=[32m"App"[39m
        [36m>[39m
          [36m<div[39m
            [33mclass[39m=[32m"App-header"[39m
          [36m>[39m
            [36m<h1>[39m
              [0m Welcome to my website, home of my precious dogs![0m
            [36m</h1>[39m
          [36m</div>[39m
          [36m<img[39m
            [33malt[39m=[32m"A picture of my dogs"[39m
            [33msrc[39m=[32m"https://i.postimg.cc/tC2qF95N/E30-BA202-970-B-47-E4-A82-F-07-B992-B5-A896-1-201-a.jpg"[39m
          [36m/>[39m
          [36m<p>[39m
            [0mBruno, Alphonso and Maggie are the best dogs on the planet.[0m
            [36m<br />[39m
            [0mBruno and Alfie are Newfoundlands and Maggie is a border collie.[0m
          [36m</p>[39m
          [36m<h2>[39m
            [0mBruno's Favorite Things:[0m
          [36m</h2>[39m
          [36m<ol>[39m
            [0m [0m
            [36m<li>[39m
              [0m1. People[0m
            [36m</li>[39m
            [36m<li>[39m
              [0m2. Licking everything[0m
            [36m</li>[39m
            [36m<li>[39m
              [0m3. Splooting (if you are unfamiliar with this term you will not regret looking it up)[0m
            [36m</li>[39m
          [36m</ol>[39m
          [36m<h3>[39m
            [0mAlfie's Favorite Things:[0m
          [36m</h3>[39m
          [36m<ol>[39m
            [0m [0m
            [36m<li>[39m
              [0m1. Food[0m
            [36m</li>[39m
            [36m<li>[39m
              [0m2. Receiving pets[0m
            [36m</li>[39m
            [36m<li>[39m
              [0m3. Being lazy[0m
            [36m</li>[39m
          [36m</ol>[39m
          [36m<h4>[39m
            [0mMaggie's Favorite Things:[0m
          [36m</h4>[39m
          [36m<ol>[39m
            [0m [0m
            [36m<li>[39m
              [0m1. Cuddling[0m
            [36m</li>[39m
            [36m<li>[39m
              [0m2. Playing with her frisbee[0m
            [36m</li>[39m
            [36m<li>[39m
              [0m3. Ripping the bark off of trees in the backyard[0m
            [36m</li>[39m
          [36m</ol>[39m
          [36m<button[39m
            [33mclass[39m=[32m"btn btn-primary"[39m
            [33mtype[39m=[32m"button"[39m
          [36m>[39m
            [0mLog Hello World[0m
          [36m</button>[39m
          [36m<div[39m
            [33mclass[39m=[32m"container"[39m
          [36m>[39m
            [36m<div[39m
              [33mclass[39m=[32m"row"[39m
            [36m>[39m
              [36m<div[39m
                [33mclass[39m=[32m"App-rect"[39m
              [36m>[39m
                [36m<div[39m
                  [33mclass[39m=[32m"col"[39m
                [36m>[39m
                  [0mFirst Column[0m
                [36m</div>[39m
              [36m</div>[39m
              [36m<div[39m
                [33mclass[39m=[32m"App-rect"[39m
              [36m>[39m
                [36m<div[39m
                  [33mclass[39m=[32m"col"[39m
                [36m>[39m
                  [0mSecond Column[0m
                [36m</div>[39m
              [36m</div>[39m
            [36m</div>[39m
          [36m</div>[39m
          [36m<p>[39m
            [36m<br />[39m
            [0mEdit [0m
            [36m<code>[39m
              [0msrc/App.tsx[0m
            [36m</code>[39m
            [0m and save. This page will automatically reload.[0m
          [36m</p>[39m
        [36m</div>[39m
      [36m</div>[39m
    [36m</body>[39m

       5 | test("renders the course name somewhere", () => {
       6 |     render(<App />);
    >  7 |     const linkElement = screen.getByText(/CISC275/i);
         |                                ^
       8 |     expect(linkElement).toBeInTheDocument();
       9 | });
      10 |

      at Object.getElementError (node_modules/@testing-library/dom/dist/config.js:38:19)
      at node_modules/@testing-library/dom/dist/query-helpers.js:90:38
      at node_modules/@testing-library/dom/dist/query-helpers.js:62:17
      at getByText (node_modules/@testing-library/dom/dist/query-helpers.js:111:19)
      at Object.<anonymous> (src/App.test.tsx:7:32)
      at TestScheduler.scheduleTests (node_modules/@jest/core/build/TestScheduler.js:333:13)
      at runJest (node_modules/@jest/core/build/runJest.js:404:19)
      at _run10000 (node_modules/@jest/core/build/cli/index.js:320:7)
      at runCLI (node_modules/@jest/core/build/cli/index.js:173:3)

----------|---------|----------|---------|---------|-------------------
File      | % Stmts | % Branch | % Funcs | % Lines | Uncovered Line #s 
----------|---------|----------|---------|---------|-------------------
All files |     100 |      100 |     100 |     100 |                   
 App.tsx  |     100 |      100 |     100 |     100 |                   
----------|---------|----------|---------|---------|-------------------
Test Suites: 2 failed, 1 passed, 3 total
Tests:       4 failed, 5 passed, 9 total
Snapshots:   0 total
Time:        3.606 s
Ran all test suites.
